// Jest Snapshot v1, https://goo.gl/fbAQLP

exports[`Pruebas en EnviarCategoria debe de mostarse correctamente 1`] = `
<form
  onSubmit={[Function]}
>
  <h2>
    Agregar Categoria
  </h2>
  <p>
     
     
  </p>
   
  <input
    onChange={[Function]}
    type="text"
    value=""
  />
</form>
`;
